// Jest Snapshot v1, https://goo.gl/fbAQLP

exports[`<CardHeader /> should match snapshot 1`] = `
.c0 {
  width: 100%;
  height: 3.2rem;
  border-radius: 0.25rem;
  display: -webkit-box;
  display: -webkit-flex;
  display: -ms-flexbox;
  display: flex;
  -webkit-box-pack: center;
  -webkit-justify-content: center;
  -ms-flex-pack: center;
  justify-content: center;
  -webkit-align-items: center;
  -webkit-box-align: center;
  -ms-flex-align: center;
  align-items: center;
}

<div>
  <div
    class="c0"
  >
    Projects
  </div>
</div>
`;
