// Jest Snapshot v1, https://goo.gl/fbAQLP

exports[`<ToolBar /> should render and match the snapshot 1`] = `
<ToolBar__Wrapper>
  <Title>
    React Boilerplate meets CRA
  </Title>
  <Lead>
    Now you can use the
     
    <A
      href="https://www.reactboilerplate.com/"
      rel="noopener noreferrer"
      target="_blank"
    >
      React Boilerplate
    </A>
     
    as a
     
    <A
      href="https://github.com/facebook/create-react-app"
      rel="noopener noreferrer"
      target="_blank"
    >
      Create React App
    </A>
     
    template.
  </Lead>
</ToolBar__Wrapper>
`;
