// Jest Snapshot v1, https://goo.gl/fbAQLP

exports[`<Projects /> should render with en translations 1`] = `
<React.Fragment>
  <Title
    as="h2"
  >
    Projects
  </Title>
  <Projects__List>
    <Projects__Project>
      <Card
        imageSrc="https://images.unsplash.com/photo-1651724682401-a10daf761c96?ixlib=rb-1.2.1&ixid=MnwxMjA3fDB8MHxwaG90by1wYWdlfHx8fGVufDB8fHx8&auto=format&fit=crop&w=1771&q=80"
      />
    </Projects__Project>
    <Projects__Project>
      <Card
        imageSrc="https://images.unsplash.com/photo-1651648814980-55936f67f9f7?ixlib=rb-1.2.1&ixid=MnwxMjA3fDB8MHxwaG90by1wYWdlfHx8fGVufDB8fHx8&auto=format&fit=crop&w=1171&q=80"
      />
    </Projects__Project>
    <Projects__Project>
      <Card
        imageSrc="https://images.unsplash.com/photo-1651860207580-ddc55836bd8a?ixlib=rb-1.2.1&ixid=MnwxMjA3fDB8MHxwaG90by1wYWdlfHx8fGVufDB8fHx8&auto=format&fit=crop&w=1171&q=80"
      />
    </Projects__Project>
    <Projects__Project>
      <Card
        imageSrc="https://images.unsplash.com/photo-1636837955417-2d8a4e49368f?ixlib=rb-1.2.1&ixid=MnwxMjA3fDB8MHxwaG90by1wYWdlfHx8fGVufDB8fHx8&auto=format&fit=crop&w=1170&q=80"
      />
    </Projects__Project>
  </Projects__List>
  <Button>
    <ForwardRef(SvgAddIcon) />
  </Button>
</React.Fragment>
`;
