// Jest Snapshot v1, https://goo.gl/fbAQLP

exports[`<NotFoundPage /> should match snapshot 1`] = `
Array [
  .c3 {
  display: -webkit-box;
  display: -webkit-flex;
  display: -ms-flexbox;
  display: flex;
  -webkit-align-items: center;
  -webkit-box-align: center;
  -ms-flex-align: center;
  align-items: center;
}

.c4 {
  padding: 0.25rem 1rem;
  font-size: 0.875rem;
  font-weight: 500;
  border-radius: 0.25rem;
  border: 1px solid rgba(58,52,51,0.05);
  background-color: rgba(255,255,255,1);
  background-color: transparent;
  color: rgba(58,52,51,1);
  border: none;
}

.c4:focus {
  outline: none;
  border: 1px solid rgba(215,113,88,1);
}

.c5 {
  display: -webkit-box;
  display: -webkit-flex;
  display: -ms-flexbox;
  display: flex;
  margin-right: -1rem;
  color: rgba(215,113,88,1);
}

.c6 {
  color: rgba(215,113,88,1);
  cursor: pointer;
  -webkit-text-decoration: none;
  text-decoration: none;
  display: -webkit-box;
  display: -webkit-flex;
  display: -ms-flexbox;
  display: flex;
  padding: 0.15rem 0.3rem;
  font-size: 0.875rem;
  font-weight: 500;
  -webkit-align-items: center;
  -webkit-box-align: center;
  -ms-flex-align: center;
  align-items: center;
}

.c6:hover {
  opacity: 0.8;
}

.c6:active {
  opacity: 0.4;
}

.c6 .icon {
  margin-right: 0.2rem;
}

.c1 {
  display: none;
}

.c2 {
  color: rgba(215,113,88,1);
  padding-right: 0.8rem;
}

.c0 {
  box-shadow: 0 1px 0 0 rgba(58,52,51,0.05);
  height: 4rem;
  display: -webkit-box;
  display: -webkit-flex;
  display: -ms-flexbox;
  display: flex;
  position: fixed;
  top: 0;
  left: 0;
  width: 100%;
  background-color: rgba(255,255,255,1);
  z-index: 2;
  width: 100%;
  padding-left: 10rem;
  padding-right: 10rem;
  -webkit-align-items: center;
  -webkit-box-align: center;
  -ms-flex-align: center;
  align-items: center;
  -webkit-box-pack: justify;
  -webkit-justify-content: space-between;
  -ms-flex-pack: justify;
  justify-content: space-between;
}

@media only screen and (max-width:768px) {
  .c1 {
    display: block;
  }
}

@supports (-webkit-backdrop-filter:blur(10px)) or (backdrop-filter:blur(10px)) {
  .c0 {
    -webkit-backdrop-filter: blur(10px);
    backdrop-filter: blur(10px);
    background-color: rgba(255,255,255,0.75);
  }
}

@media only screen and (max-width:600px) {
  .c0 {
    padding-left: 1rem;
    padding-right: 3rem;
  }
}

@media only screen and (min-width:600px) {
  .c0 {
    padding-left: 5rem;
    padding-right: 5rem;
  }
}

@media only screen and (min-width:768px) {
  .c0 {
    padding-left: 17rem;
    padding-right: 7rem;
  }
}

@media only screen and (min-width:992px) {
  .c0 {
    padding-left: 18rem;
    padding-right: 8rem;
  }
}

<div
    className="c0"
    onClick={[Function]}
  >
    <div
      className="c1"
    >
      <div
        className=""
      >
        <div
          className="c2"
        >
          <svg>
            menu-icon.svg
          </svg>
        </div>
      </div>
    </div>
    <div
      className="c3"
    >
      <input
        className="c4"
        placeholder="search"
      />
    </div>
    <div
      className="c5"
    >
      <a
        className="c6"
        href="/profile"
        rel="noopener noreferrer"
        target="_blank"
        title="Documentation Page"
      >
        <svg>
          account-icon.svg
        </svg>
      </a>
      <a
        className="c6"
        href="https://github.com/react-boilerplate/react-boilerplate-cra-template"
        rel="noopener noreferrer"
        target="_blank"
        title="Github Page"
      >
        <svg>
          bell-icon.svg
        </svg>
      </a>
    </div>
  </div>,
  .c2 {
  font-size: 0.8rem;
  line-height: 1.5;
  color: rgba(58,52,51,0.7);
  margin: 0.225rem 0 1.5rem 0;
}

.c3 {
  color: rgba(215,113,88,1);
  -webkit-text-decoration: none;
  text-decoration: none;
}

.c3:hover {
  -webkit-text-decoration: underline;
  text-decoration: underline;
  opacity: 0.8;
}

.c3:active {
  opacity: 0.4;
}

.c0 {
  height: calc(100vh - 4rem);
  display: -webkit-box;
  display: -webkit-flex;
  display: -ms-flexbox;
  display: flex;
  -webkit-align-items: center;
  -webkit-box-align: center;
  -ms-flex-align: center;
  align-items: center;
  -webkit-box-pack: center;
  -webkit-justify-content: center;
  -ms-flex-pack: center;
  justify-content: center;
  -webkit-flex-direction: column;
  -ms-flex-direction: column;
  flex-direction: column;
  min-height: 320px;
}

.c1 {
  margin-top: -8vh;
  font-weight: bold;
  color: rgba(58,52,51,1);
  font-size: 3.375rem;
}

.c1 span {
  font-size: 3.125rem;
}

@media only screen and (max-width:768px) {

}

@supports (-webkit-backdrop-filter:blur(10px)) or (backdrop-filter:blur(10px)) {

}

@media only screen and (max-width:600px) {

}

@media only screen and (min-width:600px) {

}

@media only screen and (min-width:768px) {

}

@media only screen and (min-width:992px) {

}

<div
    className="c0"
  >
    <div
      className="c1"
    >
      4
      <span
        aria-label="Crying Face"
        role="img"
      >
        ðŸ˜¢
      </span>
      4
    </div>
    <p
      className="c2"
    >
      Page not found.
    </p>
    <a
      className="c3"
      href="/"
      onClick={[Function]}
    >
      Return to Home Page
    </a>
  </div>,
]
`;
