// Jest Snapshot v1, https://goo.gl/fbAQLP

exports[`<NavBar /> should match snapshot 1`] = `
<Nav__Wrapper>
  <PageWrapper>
    <Search />
    <Nav />
  </PageWrapper>
</Nav__Wrapper>
`;
