// Jest Snapshot v1, https://goo.gl/fbAQLP

exports[`<Search /> should match snapshot 1`] = `
.c0 {
  display: -webkit-box;
  display: -webkit-flex;
  display: -ms-flexbox;
  display: flex;
  -webkit-align-items: center;
  -webkit-box-align: center;
  -ms-flex-align: center;
  align-items: center;
}

.c1 {
  padding: 0.25rem 1rem;
  font-size: 0.875rem;
  font-weight: 500;
  border-radius: 0.25rem;
  border: 1px solid;
  background-color: transparent;
  border: none;
}

.c1:focus {
  outline: none;
  border: 1px solid;
}

<div
  class="c0"
>
  <input
    class="c1"
    placeholder="search"
  />
</div>
`;
