// Jest Snapshot v1, https://goo.gl/fbAQLP

exports[`<CardMedia /> should match snapshot 1`] = `
.c0 {
  width: 28rem;
  border-radius: 0.25rem;
  display: -webkit-box;
  display: -webkit-flex;
  display: -ms-flexbox;
  display: flex;
  -webkit-box-pack: center;
  -webkit-justify-content: center;
  -ms-flex-pack: center;
  justify-content: center;
  -webkit-align-items: center;
  -webkit-box-align: center;
  -ms-flex-align: center;
  align-items: center;
  position: relative;
}

.c1 {
  width: 100%;
  height: 100%;
}

.c2 {
  display: -webkit-box;
  display: -webkit-flex;
  display: -ms-flexbox;
  display: flex;
  -webkit-box-pack: center;
  -webkit-justify-content: center;
  -ms-flex-pack: center;
  justify-content: center;
  -webkit-align-items: center;
  -webkit-box-align: center;
  -ms-flex-align: center;
  align-items: center;
  width: -webkit-max-content;
  width: -moz-max-content;
  width: max-content;
  padding: 0.75rem;
  height: 3rem;
  background-color: #fff;
  position: absolute;
  bottom: 1.8rem;
  left: 1.2rem;
  border-radius: 1.5rem;
  color: #000;
}

<div>
  <div
    class="c0"
  >
    <img
      class="c1"
    />
    <div
      class="c2"
    >
      Law Codes
    </div>
  </div>
</div>
`;
