// Jest Snapshot v1, https://goo.gl/fbAQLP

exports[`<NavBar /> should match snapshot 1`] = `
<NavBar__Wrapper>
  <Menu />
  <Search />
  <NavBar />
</NavBar__Wrapper>
`;
