// Jest Snapshot v1, https://goo.gl/fbAQLP

exports[`<App /> should render and match the snapshot 1`] = `
<BrowserRouter>
  <Helmet
    defaultTitle="Weblinnk"
    defer={true}
    encodeSpecialCharacters={true}
    htmlAttributes={
      Object {
        "lang": "en-US",
      }
    }
    prioritizeSeoTags={false}
    titleTemplate="%s - Weblinnk"
  >
    <meta
      content="A Weblinnk application"
      name="description"
    />
  </Helmet>
  <Switch>
    <Route
      component={[Function]}
      exact={true}
      path="/"
    />
    <Route
      component={[Function]}
      path="/project/:id?/:section?"
    />
    <Route
      path="/requirements"
    >
      <Redirect
        to="/requirements/personal"
      />
    </Route>
    <Route
      component={[Function]}
      exact={true}
      path="/signin"
    />
    <Route
      component={[Function]}
      exact={true}
      path="/pricing"
    />
    <Route
      component={[Function]}
      exact={true}
      path="/profile"
    />
    <Route
      component={[Function]}
    />
  </Switch>
  <Memo(l) />
</BrowserRouter>
`;
